2026-07-04 14:32:28,552 INFO run e4_fresh_ds_thinking: 126 instances x 1 models x 1 samples = 126 (already done: 0)
2026-07-04 14:32:28,553 INFO generation with 12 workers
2026-07-04 14:38:21,052 INFO progress 20/126 | spent $0.07 | ETA 0:31:08
2026-07-04 14:46:46,201 INFO progress 40/126 | spent $0.22 | ETA 0:30:43
2026-07-04 14:53:38,866 INFO progress 60/126 | spent $0.35 | ETA 0:23:17
2026-07-04 14:57:35,418 INFO progress 80/126 | spent $0.43 | ETA 0:14:26
2026-07-04 15:00:37,805 INFO progress 100/126 | spent $0.50 | ETA 0:07:19
2026-07-04 15:04:03,949 INFO progress 120/126 | spent $0.57 | ETA 0:01:34
2026-07-04 15:07:14,072 INFO completeness: expected 126, present 126, missing 0
2026-07-04 15:07:14,127 INFO verification: 126 rows to verify (0 already done)
2026-07-04 15:08:26,441 INFO verified 20/126 | pass rates L1:100% L2:95% L3:63% L4:92% | 72.3s elapsed
2026-07-04 15:09:31,842 INFO verified 40/126 | pass rates L1:75% L2:87% L3:62% L4:75% | 137.7s elapsed
2026-07-04 15:09:42,558 INFO verified 60/126 | pass rates L1:77% L2:85% L3:54% L4:81% | 148.4s elapsed
2026-07-04 15:09:55,109 INFO verified 80/126 | pass rates L1:80% L2:89% L3:63% L4:89% | 161.0s elapsed
2026-07-04 15:10:05,120 INFO verified 100/126 | pass rates L1:82% L2:91% L3:65% L4:92% | 171.0s elapsed
2026-07-04 15:10:12,841 INFO verified 120/126 | pass rates L1:85% L2:91% L3:68% L4:94% | 178.7s elapsed
2026-07-04 15:10:14,172 INFO verification complete: 126 rows
2026-07-04 17:03:27,571 INFO verification: 126 rows to verify (0 already done)
2026-07-04 17:05:04,127 INFO verified 20/126 | pass rates L1:100% L2:95% L3:63% L4:92% | 96.6s elapsed
2026-07-04 17:08:13,866 INFO verified 40/126 | pass rates L1:75% L2:87% L3:62% L4:75% | 286.3s elapsed
2026-07-04 17:08:24,967 INFO verified 60/126 | pass rates L1:77% L2:85% L3:54% L4:81% | 297.4s elapsed
2026-07-04 17:08:36,501 INFO verified 80/126 | pass rates L1:80% L2:89% L3:63% L4:89% | 308.9s elapsed
2026-07-04 17:08:44,754 INFO verified 100/126 | pass rates L1:82% L2:91% L3:65% L4:92% | 317.2s elapsed
2026-07-04 17:08:51,996 INFO verified 120/126 | pass rates L1:85% L2:91% L3:68% L4:94% | 324.4s elapsed
2026-07-04 17:08:53,520 INFO verification complete: 126 rows
