2026-07-21 20:16:11,681 INFO run e6_full_unit_nothink: 72 instances x 1 models x 3 samples = 216 (already done: 0)
2026-07-21 20:16:11,681 INFO generation with 24 workers
2026-07-21 20:16:37,627 INFO progress 20/216 | spent $0.01 | ETA 0:04:14
2026-07-21 20:17:10,105 INFO progress 40/216 | spent $0.04 | ETA 0:04:17
2026-07-21 20:17:51,635 INFO progress 60/216 | spent $0.09 | ETA 0:04:19
2026-07-21 20:18:32,666 INFO progress 80/216 | spent $0.12 | ETA 0:03:59
2026-07-21 20:19:04,607 INFO progress 100/216 | spent $0.15 | ETA 0:03:20
2026-07-21 20:19:22,410 INFO progress 120/216 | spent $0.17 | ETA 0:02:32
2026-07-21 20:19:52,326 INFO progress 140/216 | spent $0.20 | ETA 0:01:59
2026-07-21 20:20:31,390 INFO progress 160/216 | spent $0.23 | ETA 0:01:30
2026-07-21 20:20:44,573 INFO progress 180/216 | spent $0.26 | ETA 0:00:54
2026-07-21 20:20:58,993 INFO progress 200/216 | spent $0.28 | ETA 0:00:22
2026-07-21 20:21:18,840 INFO completeness: expected 216, present 216, missing 0
2026-07-21 20:21:18,866 INFO verification: 216 rows to verify (0 already done)
2026-07-21 20:21:25,767 INFO verified 20/216 | pass rates L1:100% L2:100% L3:65% L4:100% | 6.9s elapsed
2026-07-21 20:23:24,403 INFO verified 40/216 | pass rates L1:100% L2:92% L3:49% L4:94% | 125.5s elapsed
2026-07-21 20:24:07,348 INFO verified 60/216 | pass rates L1:93% L2:75% L3:45% L4:89% | 168.5s elapsed
2026-07-21 20:24:33,681 INFO verified 80/216 | pass rates L1:92% L2:65% L3:40% L4:89% | 194.8s elapsed
2026-07-21 20:24:38,851 INFO verified 100/216 | pass rates L1:94% L2:57% L3:44% L4:92% | 200.0s elapsed
2026-07-21 20:24:44,042 INFO verified 120/216 | pass rates L1:94% L2:58% L3:53% L4:94% | 205.2s elapsed
2026-07-21 20:24:50,807 INFO verified 140/216 | pass rates L1:93% L2:61% L3:54% L4:95% | 211.9s elapsed
2026-07-21 20:25:12,496 INFO verified 160/216 | pass rates L1:94% L2:62% L3:55% L4:96% | 233.6s elapsed
2026-07-21 20:25:24,196 INFO verified 180/216 | pass rates L1:94% L2:63% L3:57% L4:95% | 245.3s elapsed
2026-07-21 20:25:39,466 INFO verified 200/216 | pass rates L1:94% L2:67% L3:59% L4:96% | 260.6s elapsed
2026-07-21 20:25:50,881 INFO verification complete: 216 rows
