2026-07-04 21:30:43,066 INFO run e7_unit_rounds0: 54 instances x 1 models x 3 samples = 162 (already done: 0)
2026-07-04 21:30:43,066 INFO generation with 16 workers
2026-07-04 21:32:43,446 INFO progress 20/162 | spent $0.04 | ETA 0:14:14
2026-07-04 21:36:02,875 INFO progress 40/162 | spent $0.10 | ETA 0:16:15
2026-07-04 21:40:59,727 INFO progress 60/162 | spent $0.24 | ETA 0:17:28
2026-07-04 21:44:06,598 INFO progress 80/162 | spent $0.32 | ETA 0:13:43
2026-07-04 21:46:34,902 INFO progress 100/162 | spent $0.38 | ETA 0:09:50
2026-07-04 21:48:48,199 INFO progress 120/162 | spent $0.46 | ETA 0:06:19
2026-07-04 21:50:45,301 INFO progress 140/162 | spent $0.51 | ETA 0:03:08
2026-07-04 21:52:34,026 INFO progress 160/162 | spent $0.57 | ETA 0:00:16
2026-07-04 21:53:50,914 INFO completeness: expected 162, present 162, missing 0
2026-07-04 21:53:50,949 INFO verification: 162 rows to verify (0 already done)
2026-07-04 21:53:56,949 INFO verified 20/162 | pass rates L1:100% L2:90% L3:100% L4:100% | 6.0s elapsed
2026-07-04 21:54:07,322 INFO verified 40/162 | pass rates L1:100% L2:85% L3:97% L4:79% | 16.4s elapsed
2026-07-04 21:55:04,411 INFO verified 60/162 | pass rates L1:88% L2:83% L3:93% L4:76% | 73.5s elapsed
2026-07-04 21:55:12,043 INFO verified 80/162 | pass rates L1:86% L2:86% L3:92% L4:81% | 81.1s elapsed
2026-07-04 21:55:22,409 INFO verified 100/162 | pass rates L1:89% L2:82% L3:89% L4:85% | 91.5s elapsed
2026-07-04 21:55:42,459 INFO verified 120/162 | pass rates L1:90% L2:81% L3:86% L4:86% | 111.5s elapsed
2026-07-04 21:55:59,580 INFO verified 140/162 | pass rates L1:89% L2:83% L3:87% L4:86% | 128.6s elapsed
2026-07-04 21:56:18,503 INFO verified 160/162 | pass rates L1:89% L2:81% L3:86% L4:87% | 147.6s elapsed
2026-07-04 21:56:18,504 INFO verification complete: 162 rows
