2026-07-04 23:55:07,074 INFO run v11_pilot_nsc: 54 instances x 1 models x 3 samples = 162 (already done: 0)
2026-07-04 23:55:07,074 INFO generation with 12 workers
2026-07-04 23:55:16,588 INFO progress 20/162 | spent $0.00 | ETA 0:01:07
2026-07-04 23:55:22,406 INFO progress 40/162 | spent $0.01 | ETA 0:00:46
2026-07-04 23:55:27,541 INFO progress 60/162 | spent $0.01 | ETA 0:00:34
2026-07-04 23:55:33,105 INFO progress 80/162 | spent $0.01 | ETA 0:00:26
2026-07-04 23:55:38,616 INFO progress 100/162 | spent $0.02 | ETA 0:00:19
2026-07-04 23:55:44,568 INFO progress 120/162 | spent $0.02 | ETA 0:00:13
2026-07-04 23:55:50,607 INFO progress 140/162 | spent $0.02 | ETA 0:00:06
2026-07-04 23:55:56,236 INFO progress 160/162 | spent $0.03 | ETA 0:00:00
2026-07-04 23:56:03,165 INFO completeness: expected 162, present 162, missing 0
2026-07-04 23:56:03,170 INFO verification: 162 rows to verify (0 already done)
2026-07-04 23:56:09,301 INFO verified 20/162 | pass rates L1:100% L2:100% L3:100% L4:100% | 6.1s elapsed
2026-07-04 23:56:20,016 INFO verified 40/162 | pass rates L1:100% L2:100% L3:100% L4:100% | 16.8s elapsed
2026-07-04 23:58:10,438 INFO verified 60/162 | pass rates L1:100% L2:100% L3:100% L4:100% | 127.3s elapsed
2026-07-04 23:58:48,743 INFO verified 80/162 | pass rates L1:100% L2:100% L3:100% L4:100% | 165.6s elapsed
2026-07-04 23:59:08,678 INFO verified 100/162 | pass rates L1:100% L2:100% L3:100% L4:100% | 185.5s elapsed
2026-07-04 23:59:20,120 INFO verified 120/162 | pass rates L1:100% L2:100% L3:100% L4:100% | 197.0s elapsed
2026-07-04 23:59:44,719 INFO verified 140/162 | pass rates L1:100% L2:100% L3:100% L4:100% | 221.5s elapsed
2026-07-05 00:00:01,690 INFO verified 160/162 | pass rates L1:100% L2:100% L3:100% L4:100% | 238.5s elapsed
2026-07-05 00:00:03,194 INFO verification complete: 162 rows
2026-07-05 01:56:24,719 INFO verification: 162 rows to verify (0 already done)
2026-07-05 01:56:29,822 INFO verified 20/162 | pass rates L1:100% L2:100% L3:100% L4:100% | 5.1s elapsed
2026-07-05 01:56:40,011 INFO verified 40/162 | pass rates L1:100% L2:100% L3:100% L4:100% | 15.3s elapsed
2026-07-05 01:58:05,795 INFO verified 60/162 | pass rates L1:100% L2:100% L3:100% L4:100% | 101.1s elapsed
2026-07-05 01:58:41,045 INFO verified 80/162 | pass rates L1:100% L2:100% L3:100% L4:100% | 136.3s elapsed
2026-07-05 01:58:57,435 INFO verified 100/162 | pass rates L1:100% L2:100% L3:100% L4:100% | 152.7s elapsed
2026-07-05 01:59:08,495 INFO verified 120/162 | pass rates L1:100% L2:100% L3:100% L4:100% | 163.8s elapsed
2026-07-05 01:59:28,233 INFO verified 140/162 | pass rates L1:100% L2:100% L3:100% L4:100% | 183.5s elapsed
2026-07-05 01:59:43,947 INFO verified 160/162 | pass rates L1:100% L2:100% L3:100% L4:100% | 199.2s elapsed
2026-07-05 01:59:45,394 INFO verification complete: 162 rows
