2026-07-04 02:14:20,890 INFO run e1_b_ds_thinking: 480 instances x 1 models x 1 samples = 480 (already done: 0)
2026-07-04 02:14:20,890 INFO generation with 6 workers
2026-07-04 02:16:28,564 INFO run e1_b_ds_thinking: 480 instances x 1 models x 1 samples = 480 (already done: 5)
2026-07-04 02:16:28,565 INFO generation with 16 workers
2026-07-04 02:18:38,022 INFO progress 20/480 | spent $0.03 | ETA 0:49:37
2026-07-04 02:20:40,022 INFO progress 40/480 | spent $0.09 | ETA 0:46:06
2026-07-04 02:22:50,421 INFO progress 60/480 | spent $0.15 | ETA 0:44:32
2026-07-04 02:25:09,624 INFO progress 80/480 | spent $0.21 | ETA 0:43:25
2026-07-04 02:27:39,379 INFO progress 100/480 | spent $0.27 | ETA 0:42:29
2026-07-04 02:29:52,273 INFO progress 120/480 | spent $0.34 | ETA 0:40:11
2026-07-04 02:32:41,876 INFO progress 140/480 | spent $0.40 | ETA 0:39:23
2026-07-04 02:35:01,132 INFO progress 160/480 | spent $0.47 | ETA 0:37:05
2026-07-04 02:38:02,801 INFO progress 180/480 | spent $0.54 | ETA 0:35:57
2026-07-04 02:40:23,908 INFO progress 200/480 | spent $0.61 | ETA 0:33:29
2026-07-04 02:42:47,421 INFO run e1_b_ds_thinking: 480 instances x 1 models x 1 samples = 480 (already done: 66)
2026-07-04 02:42:47,421 INFO generation with 16 workers
2026-07-04 02:46:11,548 INFO progress 80/480 | spent $0.04 | ETA 0:17:00
2026-07-04 02:50:27,106 INFO progress 100/480 | spent $0.13 | ETA 0:29:06
2026-07-04 02:56:13,967 INFO progress 120/480 | spent $0.26 | ETA 0:40:19
2026-07-04 03:01:48,675 INFO progress 140/480 | spent $0.38 | ETA 0:46:11
2026-07-04 03:08:15,293 INFO progress 160/480 | spent $0.51 | ETA 0:50:55
2026-07-04 03:13:52,267 INFO progress 180/480 | spent $0.65 | ETA 0:51:48
2026-07-04 03:18:42,421 INFO progress 200/480 | spent $0.80 | ETA 0:50:17
2026-07-04 03:23:51,259 INFO progress 220/480 | spent $0.93 | ETA 0:48:31
2026-07-04 03:29:11,481 INFO progress 240/480 | spent $1.07 | ETA 0:46:24
2026-07-04 03:35:48,292 INFO progress 260/480 | spent $1.23 | ETA 0:44:51
2026-07-04 03:39:08,310 INFO progress 280/480 | spent $1.32 | ETA 0:40:14
2026-07-04 03:42:21,614 INFO progress 300/480 | spent $1.39 | ETA 0:35:44
2026-07-04 03:47:37,889 INFO progress 320/480 | spent $1.48 | ETA 0:32:25
2026-07-04 03:50:32,896 INFO progress 340/480 | spent $1.56 | ETA 0:27:54
2026-07-04 03:52:16,959 INFO progress 360/480 | spent $1.62 | ETA 0:23:09
2026-07-04 03:53:59,104 INFO progress 380/480 | spent $1.67 | ETA 0:18:44
2026-07-04 03:56:05,434 INFO progress 400/480 | spent $1.72 | ETA 0:14:39
2026-07-04 03:57:57,219 INFO progress 420/480 | spent $1.76 | ETA 0:10:44
2026-07-04 04:00:06,167 INFO progress 440/480 | spent $1.81 | ETA 0:07:01
2026-07-04 04:02:54,437 INFO progress 460/480 | spent $1.89 | ETA 0:03:29
2026-07-04 04:08:07,941 INFO progress 480/480 | spent $2.00 | ETA 0:00:00
2026-07-04 04:08:08,033 INFO completeness: expected 480, present 480, missing 0
2026-07-04 04:08:38,300 INFO verification: 480 rows to verify (0 already done)
2026-07-04 04:09:23,311 INFO verified 20/480 | pass rates L1:100% L2:75% L3:67% L4:100% | 45.0s elapsed
2026-07-04 04:10:07,328 INFO verified 40/480 | pass rates L1:100% L2:82% L3:70% L4:100% | 89.0s elapsed
2026-07-04 04:48:54,469 INFO verified 60/480 | pass rates L1:100% L2:87% L3:54% L4:100% | 2416.2s elapsed
2026-07-04 04:49:46,404 INFO verified 80/480 | pass rates L1:100% L2:86% L3:59% L4:95% | 2468.1s elapsed
2026-07-04 05:04:36,361 INFO verified 100/480 | pass rates L1:99% L2:87% L3:62% L4:96% | 3358.1s elapsed
2026-07-04 05:26:42,822 INFO verified 120/480 | pass rates L1:96% L2:88% L3:61% L4:84% | 4684.5s elapsed
2026-07-04 06:06:19,710 INFO verified 140/480 | pass rates L1:94% L2:88% L3:61% L4:77% | 7061.4s elapsed
2026-07-04 10:41:08,277 INFO verification: 336 rows to verify (144 already done)
2026-07-04 10:45:28,903 INFO verified 20/336 | pass rates L1:91% L2:87% L3:58% L4:72% | 260.6s elapsed
2026-07-04 10:46:55,802 INFO verified 40/336 | pass rates L1:88% L2:87% L3:55% L4:71% | 347.5s elapsed
2026-07-04 10:47:16,930 INFO verified 60/336 | pass rates L1:85% L2:86% L3:52% L4:72% | 368.7s elapsed
2026-07-04 10:47:23,091 INFO verified 80/336 | pass rates L1:85% L2:84% L3:51% L4:73% | 374.8s elapsed
2026-07-04 10:47:27,494 INFO verified 100/336 | pass rates L1:83% L2:84% L3:49% L4:74% | 379.2s elapsed
2026-07-04 10:47:33,700 INFO verified 120/336 | pass rates L1:80% L2:84% L3:49% L4:75% | 385.4s elapsed
2026-07-04 10:47:38,028 INFO verified 140/336 | pass rates L1:80% L2:84% L3:52% L4:78% | 389.8s elapsed
2026-07-04 10:47:42,061 INFO verified 160/336 | pass rates L1:80% L2:85% L3:56% L4:81% | 393.8s elapsed
2026-07-04 10:47:47,615 INFO verified 180/336 | pass rates L1:81% L2:85% L3:56% L4:82% | 399.3s elapsed
2026-07-04 10:47:52,099 INFO verified 200/336 | pass rates L1:82% L2:85% L3:57% L4:84% | 403.8s elapsed
2026-07-04 10:47:57,083 INFO verified 220/336 | pass rates L1:83% L2:86% L3:58% L4:85% | 408.8s elapsed
2026-07-04 10:48:07,082 INFO verified 240/336 | pass rates L1:84% L2:86% L3:59% L4:87% | 418.8s elapsed
2026-07-04 10:48:14,760 INFO verified 260/336 | pass rates L1:85% L2:86% L3:60% L4:87% | 426.5s elapsed
2026-07-04 10:48:23,307 INFO verified 280/336 | pass rates L1:85% L2:86% L3:60% L4:88% | 435.0s elapsed
2026-07-04 10:48:28,701 INFO verified 300/336 | pass rates L1:86% L2:86% L3:60% L4:89% | 440.4s elapsed
2026-07-04 10:48:34,171 INFO verified 320/336 | pass rates L1:86% L2:86% L3:62% L4:90% | 445.9s elapsed
2026-07-04 10:48:50,462 INFO verification complete: 336 rows
2026-07-04 16:34:23,010 INFO verification: 480 rows to verify (0 already done)
2026-07-04 16:34:28,542 INFO verified 20/480 | pass rates L1:100% L2:75% L3:67% L4:100% | 5.5s elapsed
2026-07-04 16:34:36,300 INFO verified 40/480 | pass rates L1:100% L2:82% L3:70% L4:100% | 13.3s elapsed
2026-07-04 16:38:05,300 INFO verified 60/480 | pass rates L1:100% L2:87% L3:54% L4:100% | 222.3s elapsed
2026-07-04 16:38:15,263 INFO verified 80/480 | pass rates L1:100% L2:86% L3:59% L4:95% | 232.3s elapsed
2026-07-04 16:39:49,351 INFO verified 100/480 | pass rates L1:99% L2:87% L3:62% L4:96% | 326.3s elapsed
2026-07-04 16:41:08,932 INFO verified 120/480 | pass rates L1:96% L2:88% L3:61% L4:84% | 405.9s elapsed
2026-07-04 16:43:17,622 INFO verified 140/480 | pass rates L1:94% L2:88% L3:61% L4:77% | 534.6s elapsed
2026-07-04 17:06:16,823 INFO verified 160/480 | pass rates L1:92% L2:87% L3:59% L4:72% | 1913.8s elapsed
2026-07-04 17:10:41,285 INFO verified 180/480 | pass rates L1:89% L2:87% L3:55% L4:71% | 2178.3s elapsed
2026-07-04 17:11:36,365 INFO verified 200/480 | pass rates L1:85% L2:86% L3:52% L4:71% | 2233.4s elapsed
2026-07-04 17:11:41,599 INFO verified 220/480 | pass rates L1:85% L2:84% L3:51% L4:72% | 2238.6s elapsed
2026-07-04 17:11:48,424 INFO verified 240/480 | pass rates L1:83% L2:84% L3:49% L4:73% | 2245.4s elapsed
2026-07-04 17:12:10,740 INFO verified 260/480 | pass rates L1:80% L2:84% L3:49% L4:74% | 2267.7s elapsed
2026-07-04 17:12:15,480 INFO verified 280/480 | pass rates L1:79% L2:84% L3:52% L4:77% | 2272.5s elapsed
2026-07-04 17:12:21,357 INFO verified 300/480 | pass rates L1:80% L2:85% L3:55% L4:80% | 2278.3s elapsed
2026-07-04 17:12:27,695 INFO verified 320/480 | pass rates L1:81% L2:85% L3:56% L4:82% | 2284.7s elapsed
2026-07-04 17:12:33,387 INFO verified 340/480 | pass rates L1:82% L2:85% L3:57% L4:84% | 2290.4s elapsed
2026-07-04 17:12:39,355 INFO verified 360/480 | pass rates L1:83% L2:86% L3:58% L4:85% | 2296.3s elapsed
2026-07-04 17:12:54,485 INFO verified 380/480 | pass rates L1:84% L2:86% L3:59% L4:86% | 2311.5s elapsed
2026-07-04 17:13:04,180 INFO verified 400/480 | pass rates L1:84% L2:86% L3:59% L4:87% | 2321.2s elapsed
2026-07-04 17:13:15,023 INFO verified 420/480 | pass rates L1:85% L2:86% L3:60% L4:88% | 2332.0s elapsed
2026-07-04 17:13:23,537 INFO verified 440/480 | pass rates L1:86% L2:86% L3:60% L4:89% | 2340.5s elapsed
2026-07-04 17:13:31,220 INFO verified 460/480 | pass rates L1:86% L2:86% L3:62% L4:90% | 2348.2s elapsed
2026-07-04 17:13:54,840 INFO verified 480/480 | pass rates L1:86% L2:86% L3:62% L4:90% | 2371.8s elapsed
2026-07-04 17:13:54,840 INFO verification complete: 480 rows
